[www.cdf.toronto.edu/_ajr/209/index.html]
[backblue.gif]
[fade.gif]
[index.html]
[www.cdf.toronto.edu/_ajr/209/.html]
[www.cdf.toronto.edu/_ajr/209/announce.html]
[www.cdf.toronto.edu/_ajr/209/asmt.html]
[www.cdf.toronto.edu/_ajr/209/exam/info.html]
[www.cdf.toronto.edu/_ajr/209/netgrade-results.html]
[www.cdf.toronto.edu/_ajr/209/oldannounce.html]
[www.cdf.toronto.edu/_ajr/209/email.gif]
[www.cdf.toronto.edu/_ajr/209/endofficehour.html]
[www.cdf.toronto.edu/_ajr/209/courseinfo.html]
[www.cdf.toronto.edu/_ajr/209/courseinfo.pdf]
[www.cdf.toronto.edu/_ajr/209/prereq.html]
[www.cdf.toronto.edu/_ajr/209/emailpolicy.html]
[www.cdf.toronto.edu/_ajr/209/textbooks.html]
[www.cdf.toronto.edu/_ajr/209/remotelogin.html]
[www.cdf.toronto.edu/_ajr/209/index.html]
[www.cdf.toronto.edu/_ajr/209/editing.html]
[www.cdf.toronto.edu/_ajr/209/.html]
[www.cdf.toronto.edu/_ajr/209/new.gif]
[www.cdf.toronto.edu/_ajr/209/lect/index.html]
[www.cdf.toronto.edu/_ajr/209/tut/index.html]
[www.cdf.toronto.edu/_ajr/209/aprilfools.html]
[www.cdf.toronto.edu/_ajr/209/announce.html]
[www.cdf.toronto.edu/_ajr/209/asmt-more.html]
[www.cdf.toronto.edu/_ajr/209/mid/index.html]
[www.cdf.toronto.edu/_ajr/209/lect/refs.html]
[www.cdf.toronto.edu/_ajr/209/lect/01.html]
[www.cdf.toronto.edu/_ajr/209/notes/index.html]
[www.cdf.toronto.edu/_ajr/209/lect/01-summary.html]
[www.cdf.toronto.edu/_ajr/209/lect/02.html]
[www.cdf.toronto.edu/_ajr/209/notes/tools.html]
[www.cdf.toronto.edu/_ajr/209/lect/02-summary.html]
[www.cdf.toronto.edu/_ajr/209/lect/03.html]
[www.cdf.toronto.edu/_ajr/209/notes/shell.html]
[www.cdf.toronto.edu/_ajr/209/lect/03-summary.html]
[www.cdf.toronto.edu/_ajr/209/lect/04.html]
[www.cdf.toronto.edu/_ajr/209/lect/04-summary.html]
[www.cdf.toronto.edu/_ajr/209/lect/05.html]
[www.cdf.toronto.edu/_ajr/209/lect/05-summary.html]
[www.cdf.toronto.edu/_ajr/209/lect/06.html]
[www.cdf.toronto.edu/_ajr/209/lect/06-summary.html]
[www.cdf.toronto.edu/_ajr/209/lect/06z.html]
[www.cdf.toronto.edu/_ajr/209/lect/07.html]
[www.cdf.toronto.edu/_ajr/209/lect/07-summary.html]
[www.cdf.toronto.edu/_ajr/209/lect/08.html]
[www.cdf.toronto.edu/_ajr/209/lect/08-summary.html]
[www.cdf.toronto.edu/_ajr/209/lect/09.html]
[www.cdf.toronto.edu/_ajr/209/lect/09-summary.html]
[www.cdf.toronto.edu/_ajr/209/lect/10.html]
[www.cdf.toronto.edu/_ajr/209/lect/10-summary.html]
[www.cdf.toronto.edu/_ajr/209/lect/11.html]
[www.cdf.toronto.edu/_ajr/209/notes/memoryos.html]
[www.cdf.toronto.edu/_ajr/209/lect/11-summary.html]
[www.cdf.toronto.edu/_ajr/209/lect/12.html]
[www.cdf.toronto.edu/_ajr/209/lect/12-summary.html]
[www.cdf.toronto.edu/_ajr/209/lect/13.html]
[www.cdf.toronto.edu/_ajr/209/lect/13-summary.html]
[www.cdf.toronto.edu/_ajr/209/lect/14.html]
[www.cdf.toronto.edu/_ajr/209/lect/14-summary.html]
[www.cdf.toronto.edu/_ajr/209/lect/index.html]
[www.cdf.toronto.edu/_ajr/209/lect/15.html]
[www.cdf.toronto.edu/_ajr/209/tut/index.html]
[www.cdf.toronto.edu/_ajr/209/probs/index.html]
[www.cdf.toronto.edu/_ajr/209/a1/a1.html]
[www.cdf.toronto.edu/_ajr/209/lect/06zslides/index.html]
[www.cdf.toronto.edu/_ajr/209/a1/a1.pdf]
[www.cdf.toronto.edu/_ajr/209/a1/qna.html]
[www.cdf.toronto.edu/_ajr/209/a1/qna2.html]
[www.cdf.toronto.edu/_ajr/209/lect/08slides/index.html]
[www.cdf.toronto.edu/_ajr/209/notes/sockets/index.html]
[www.cdf.toronto.edu/_ajr/209/a2/a2.html]
[www.cdf.toronto.edu/_ajr/209/a2/a2.pdf]
[www.cdf.toronto.edu/_ajr/209/a2/qnanewfmt.html]
[www.cdf.toronto.edu/_ajr/209/a2/hammer.html]
[www.cdf.toronto.edu/_ajr/209/lect/13slides/index.html]
[www.cdf.toronto.edu/_ajr/209/a2/extension.html]
[www.cdf.toronto.edu/_ajr/209/a3/a3.html]
[www.cdf.toronto.edu/_ajr/209/a3/a3.pdf]
[www.cdf.toronto.edu/_ajr/209/a3/qna.html]
[www.cdf.toronto.edu/_ajr/209/a4/a4.html]
[www.cdf.toronto.edu/_ajr/209/a4/a4.pdf]
[www.cdf.toronto.edu/_ajr/209/a4/qna.html]
[www.cdf.toronto.edu/_ajr/209/a4/strcasecmp.html]
[www.cdf.toronto.edu/_ajr/209/asmt.html]
[www.cdf.toronto.edu/_ajr/209/notes/pthreads/index.html]
[www.cdf.toronto.edu/_ajr/209/mid/mid.pdf]
[www.cdf.toronto.edu/_ajr/209/mid/soln.html]
[www.cdf.toronto.edu/_ajr/209/mid/index.html]
[www.cdf.toronto.edu/_ajr/209/mid/info.html]
[www.cdf.toronto.edu/_ajr/209/tut/01/index.html]
[www.cdf.toronto.edu/_ajr/209/exam/netgrade-exam.html]
[www.cdf.toronto.edu/_ajr/209/exam/info.html]
[www.cdf.toronto.edu/_ajr/209/tut/02/index.html]
[www.cdf.toronto.edu/_ajr/209/notes/fsys.html]
[www.cdf.toronto.edu/_ajr/209/notes/c.html]
[www.cdf.toronto.edu/_ajr/209/tut/03/index.html]
[www.cdf.toronto.edu/_ajr/209/notes/cdata.html]
[www.cdf.toronto.edu/_ajr/209/notes/printf.html]
[www.cdf.toronto.edu/_ajr/209/notes/argv.html]
[www.cdf.toronto.edu/_ajr/209/notes/strings.html]
[www.cdf.toronto.edu/_ajr/209/notes/files.html]
[www.cdf.toronto.edu/_ajr/209/notes/getopt.c]
[www.cdf.toronto.edu/_ajr/209/notes/getopt.html]
[www.cdf.toronto.edu/_ajr/209/notes/struct.html]
[www.cdf.toronto.edu/_ajr/209/notes/proc.html]
[www.cdf.toronto.edu/_ajr/209/notes/awk.html]
[www.cdf.toronto.edu/_ajr/209/notes/index.html]
[www.cdf.toronto.edu/_ajr/209/notes/rcs.html]
[www.cdf.toronto.edu/_ajr/209/probs/index.html]
[www.cdf.toronto.edu/_ajr/209/tut/05/index.html]
[www.cdf.toronto.edu/_ajr/209/tut/04/index.html]
[www.cdf.toronto.edu/_ajr/209/netgrade-results.html]
[www.cdf.toronto.edu/_ajr/209/tut/06/index.html]
[www.cdf.toronto.edu/_ajr/209/tut/07/index.html]
[www.cdf.toronto.edu/_ajr/209/tut/08/index.html]
[www.cdf.toronto.edu/_ajr/209/tut/09/index.html]
[www.utm.utoronto.ca/accessability/sites/files/accessability/public/shared/pdfs/AccessAbility Note-taker Poster.55.delayed]
[www.cdf.toronto.edu/_ajr/209/oldannounce.html]
[www.cdf.toronto.edu/_ajr/209/tut/10/index.html]
[www.cdf.toronto.edu/_ajr/209/endofficehour.html]
[www.cdf.toronto.edu/_ajr/209/tut/11/index.html]
[www.cdf.toronto.edu/_ajr/209/tut/12/index.html]
[www.cdf.toronto.edu/_ajr/209/courseinfo.html]
[www.cdf.toronto.edu/_ajr/209/probs/mid/index.html]
[www.cdf.toronto.edu/_ajr/209/notes/gdb/index.html]
[www.utm.utoronto.ca/math-cs-stats/sites/files/math-cs-stats/public/users/yeyvette/PrereqCoreqForm-20129.pdf]
[www.cdf.toronto.edu/_ajr/209/prereq.html]
[www.cdf.toronto.edu/_ajr/209/probs/sh/index.html]
[www.cdf.toronto.edu/_ajr/209/probs/c/index.html]
[www.cdf.toronto.edu/_ajr/209/emailpolicy.html]
[www.cdf.toronto.edu/_ajr/209/probs/tools/index.html]
[www.cdf.toronto.edu/_ajr/209/probs/fsys/index.html]
[www.cdf.toronto.edu/_ajr/209/textbooks.html]
[www.cdf.toronto.edu/_ajr/209/probs/proc/index.html]
[www.cdf.toronto.edu/_ajr/209/probs/socket/index.html]
[www.cdf.toronto.edu/_ajr/209/remotelogin.html]
[www.cdf.toronto.edu/_ajr/209/probs/exam/index.html]
[www.cdf.toronto.edu/_ajr/209/notes/tiny/format.html]
[www.cdf.toronto.edu/_ajr/209/editing.html]
[www.cdf.toronto.edu/_ajr/209/aprilfools.jpg]
[www.cdf.toronto.edu/_ajr/209/aprilfools.html]
[www.cdf.toronto.edu/_ajr/209/asmt-more.html]
[www.cdf.toronto.edu/_ajr/209/lect/refs.html]
[www.cdf.toronto.edu/_ajr/209/lect/01.html]
[www.cdf.toronto.edu/_ajr/209/lect/01-summary.html]
[www.cdf.toronto.edu/_ajr/209/lect/02-log.txt]
[www.cdf.toronto.edu/_ajr/209/lect/02.html]
[www.cdf.toronto.edu/_ajr/209/notes/tools.html]
[www.cdf.toronto.edu/_ajr/209/notes/toolsfiles/gcd.c]
[www.cdf.toronto.edu/_ajr/209/lect/02-summary.html]
[www.cdf.toronto.edu/_ajr/209/lect/03-log.txt]
[www.cdf.toronto.edu/_ajr/209/lect/03.html]
[www.cdf.toronto.edu/_ajr/209/notes/shellfiles/firstbyte.c]
[www.cdf.toronto.edu/_ajr/209/notes/shell.html]
[www.cdf.toronto.edu/_ajr/209/lect/03-summary.html]
[www.cdf.toronto.edu/_ajr/209/lect/04.html]
[www.cdf.toronto.edu/_ajr/209/lect/04-summary.html]
[www.cdf.toronto.edu/_ajr/209/lect/05.html]
[www.cdf.toronto.edu/_ajr/209/lect/05-summary.html]
[www.cdf.toronto.edu/_ajr/209/notes/cacm.pdf]
[www.cdf.toronto.edu/_ajr/209/lect/06.html]
[www.cdf.toronto.edu/_ajr/209/lect/06-summary.html]
[www.cdf.toronto.edu/_ajr/209/lect/06z.html]
[www.cdf.toronto.edu/_ajr/209/lect/06zslides/06zstructpreview.001.jpg]
[www.cdf.toronto.edu/_ajr/209/lect/06zslides/06zstructpreview.002.jpg]
[www.cdf.toronto.edu/_ajr/209/lect/06zslides/06zstructpreview.003.jpg]
[www.cdf.toronto.edu/_ajr/209/lect/06zslides/06zstructpreview.004.jpg]
[www.cdf.toronto.edu/_ajr/209/lect/06zslides/index.html]
[www.cdf.toronto.edu/_ajr/209/lect/07.html]
[www.cdf.toronto.edu/_ajr/209/lect/07-summary.html]
[www.cdf.toronto.edu/_ajr/209/lect/08.html]
[www.cdf.toronto.edu/_ajr/209/lect/08slides/08slides.001.jpg]
[www.cdf.toronto.edu/_ajr/209/lect/08slides/08slides.002.jpg]
[www.cdf.toronto.edu/_ajr/209/lect/08slides/08slides.003.jpg]
[www.cdf.toronto.edu/_ajr/209/lect/08slides/08slides.005.jpg]
[www.cdf.toronto.edu/_ajr/209/lect/08slides/08slides.007.jpg]
[www.cdf.toronto.edu/_ajr/209/lect/08slides/08slides.008.jpg]
[www.cdf.toronto.edu/_ajr/209/lect/08slides/08slides.011.jpg]
[www.cdf.toronto.edu/_ajr/209/lect/08slides/08slides.013.jpg]
[www.cdf.toronto.edu/_ajr/209/lect/08slides/08slides.014.jpg]
[www.cdf.toronto.edu/_ajr/209/lect/08slides/08slides.015.jpg]
[www.cdf.toronto.edu/_ajr/209/lect/08slides/08slides.019.jpg]
[www.cdf.toronto.edu/_ajr/209/lect/08slides/08slides.020.jpg]
[www.cdf.toronto.edu/_ajr/209/lect/08slides/08slides.021.jpg]
[www.cdf.toronto.edu/_ajr/209/lect/08slides/08slides.022.jpg]
[www.cdf.toronto.edu/_ajr/209/lect/08slides/08slides.025.jpg]
[www.cdf.toronto.edu/_ajr/209/lect/08slides/08slides.026.jpg]
[www.cdf.toronto.edu/_ajr/209/lect/08slides/08slides.027.jpg]
[www.cdf.toronto.edu/_ajr/209/lect/08slides/08slides.028.jpg]
[www.cdf.toronto.edu/_ajr/209/lect/08slides/08slides.029.jpg]
[www.cdf.toronto.edu/_ajr/209/lect/08slides/08slides.030.jpg]
[www.cdf.toronto.edu/_ajr/209/lect/08slides/08slides.031.jpg]
[www.cdf.toronto.edu/_ajr/209/lect/08slides/08slides.032.jpg]
[www.cdf.toronto.edu/_ajr/209/lect/08slides/08slides.033.jpg]
[www.cdf.toronto.edu/_ajr/209/lect/08slides/08slides.034.jpg]
[www.cdf.toronto.edu/_ajr/209/lect/08slides/08slides.035.jpg]
[www.cdf.toronto.edu/_ajr/209/lect/08slides/08slides.036.jpg]
[www.cdf.toronto.edu/_ajr/209/lect/08slides/08slides.037.jpg]
[www.cdf.toronto.edu/_ajr/209/lect/08slides/08slides.038.jpg]
[www.cdf.toronto.edu/_ajr/209/lect/08slides/08slides.040.jpg]
[www.cdf.toronto.edu/_ajr/209/lect/08slides/08slides.041.jpg]
[www.cdf.toronto.edu/_ajr/209/lect/08slides/08slides.042.jpg]
[www.cdf.toronto.edu/_ajr/209/lect/08slides/index.html]
[www.cdf.toronto.edu/_ajr/209/lect/08-summary.html]
[www.cdf.toronto.edu/_ajr/209/lect/09.html]
[www.cdf.toronto.edu/_ajr/209/lect/09-summary.html]
[www.cdf.toronto.edu/_ajr/209/notes/sockets/newline.html]
[www.cdf.toronto.edu/_ajr/209/lect/10.html]
[www.cdf.toronto.edu/icons/blank.gif]
[www.cdf.toronto.edu/icons/back.gif]
[www.cdf.toronto.edu/icons/text.gif]
[www.cdf.toronto.edu/_ajr/209/notes/sockets/client.c]
[www.cdf.toronto.edu/_ajr/209/notes/sockets/client_inet.c]
[www.cdf.toronto.edu/_ajr/209/notes/sockets/server.c]
[www.cdf.toronto.edu/_ajr/209/notes/sockets/server_inet.c]
[www.cdf.toronto.edu/_ajr/209/notes/sockets/index.html]
[www.cdf.toronto.edu/_ajr/209/notes/sockets/server_select.c]
[www.cdf.toronto.edu/_ajr/209/lect/10-summary.html]
[www.cdf.toronto.edu/_ajr/209/notes/sockets/indexc052.html]
[www.cdf.toronto.edu/_ajr/209/lect/11.html]
[www.cdf.toronto.edu/_ajr/209/notes/sockets/indexf8a0.html]
[www.cdf.toronto.edu/_ajr/209/notes/memoryos.html]
[www.cdf.toronto.edu/_ajr/209/notes/sockets/indexbfec.html]
[www.cdf.toronto.edu/_ajr/209/lect/11-summary.html]
[www.cdf.toronto.edu/_ajr/209/notes/sockets/index30b5.html]
[www.ece.cmu.edu/_ganger/712.fall02/papers/p761-thompson.pdf]
[www.cdf.toronto.edu/_ajr/209/notes/sec/krt.c]
[www.cdf.toronto.edu/_ajr/209/notes/sec/krtstyle.c]
[www.cdf.toronto.edu/_ajr/209/lect/12.html]
[www.cdf.toronto.edu/_ajr/209/lect/12-summary.html]
[www.cdf.toronto.edu/_ajr/209/lect/13.html]
[www.cdf.toronto.edu/_ajr/209/lect/13slides/13concurrency.001.jpg]
[www.cdf.toronto.edu/_ajr/209/lect/13slides/13concurrency.002.jpg]
[www.cdf.toronto.edu/_ajr/209/lect/13slides/13concurrency.003.jpg]
[www.cdf.toronto.edu/_ajr/209/lect/13slides/13concurrency.004.jpg]
[www.cdf.toronto.edu/_ajr/209/lect/13slides/13concurrency.005.jpg]
[www.cdf.toronto.edu/_ajr/209/lect/13slides/13concurrency.006.jpg]
[www.cdf.toronto.edu/_ajr/209/lect/13slides/13concurrency.007.jpg]
[www.cdf.toronto.edu/_ajr/209/lect/13slides/13concurrency.008.jpg]
[www.cdf.toronto.edu/_ajr/209/lect/13slides/13concurrency.009.jpg]
[www.cdf.toronto.edu/_ajr/209/lect/13slides/13concurrency.010.jpg]
[www.cdf.toronto.edu/_ajr/209/lect/13slides/13concurrency.011.jpg]
[www.cdf.toronto.edu/_ajr/209/lect/13slides/13concurrency.014.jpg]
[www.cdf.toronto.edu/_ajr/209/lect/13slides/13concurrency.015.jpg]
[www.cdf.toronto.edu/_ajr/209/lect/13slides/13concurrency.016.jpg]
[www.cdf.toronto.edu/_ajr/209/lect/13slides/13concurrency.017.jpg]
[www.cdf.toronto.edu/_ajr/209/lect/13slides/13concurrency.018.jpg]
[www.cdf.toronto.edu/_ajr/209/lect/13slides/13concurrency.019.jpg]
[www.cdf.toronto.edu/_ajr/209/lect/13slides/13concurrency.020.jpg]
[www.cdf.toronto.edu/_ajr/209/lect/13slides/13concurrency.021.jpg]
[www.cdf.toronto.edu/_ajr/209/lect/13slides/13concurrency.022.jpg]
[www.cdf.toronto.edu/_ajr/209/lect/13slides/13concurrency.023.jpg]
[www.cdf.toronto.edu/_ajr/209/lect/13slides/13concurrency.024.jpg]
[www.cdf.toronto.edu/_ajr/209/lect/13slides/13concurrency.025.jpg]
[www.cdf.toronto.edu/_ajr/209/lect/13slides/13concurrency.026.jpg]
[www.cdf.toronto.edu/_ajr/209/lect/13slides/13concurrency.028.jpg]
[www.cdf.toronto.edu/_ajr/209/lect/13slides/13concurrency.030.jpg]
[www.cdf.toronto.edu/_ajr/209/lect/13slides/13concurrency.031.jpg]
[www.cdf.toronto.edu/_ajr/209/lect/13slides/index.html]
[www.cdf.toronto.edu/_ajr/209/lect/13-summary.html]
[www.cdf.toronto.edu/_ajr/209/lect/14.html]
[www.cdf.toronto.edu/_ajr/209/notes/pthreads/1threadadd.c]
[www.cdf.toronto.edu/_ajr/209/notes/pthreads/indexc052.html]
[www.cdf.toronto.edu/_ajr/209/notes/pthreads/2chatsvr.c]
[www.cdf.toronto.edu/_ajr/209/notes/pthreads/index.html]
[www.cdf.toronto.edu/_ajr/209/notes/pthreads/3chatsvr.c]
[www.cdf.toronto.edu/_ajr/209/lect/14-summary.html]
[www.cdf.toronto.edu/_ajr/209/notes/pthreads/indexbfec.html]
[www.cdf.toronto.edu/_ajr/209/notes/pthreads/indexf8a0.html]
[www.cdf.toronto.edu/_ajr/209/lect/15.html]
[www.cdf.toronto.edu/_ajr/209/notes/pthreads/index30b5.html]
[www.cdf.toronto.edu/_ajr/209/tut/01]
[www.cdf.toronto.edu/_ajr/209/tut/02]
[www.rfc-editor.org/rfc/rfc1958.txt]
[www.cdf.toronto.edu/_ajr/209/tut/03]
[www.cdf.toronto.edu/_ajr/209/tut/04]
[www.cdf.toronto.edu/_ajr/209/tut/05]
[www.cdf.toronto.edu/_ajr/209/tut/06]
[www.cdf.toronto.edu/_ajr/209/tut/07]
[www.cdf.toronto.edu/_ajr/209/tut/08]
[www.cdf.toronto.edu/_ajr/209/tut/09]
[www.cdf.toronto.edu/_ajr/209/tut/10]
[www.cdf.toronto.edu/_ajr/209/tut/11]
[www.cdf.toronto.edu/_ajr/209/tut/12]
[www.cdf.toronto.edu/_ajr/209/tut/01/soln.html]
[www.cdf.toronto.edu/_ajr/209/tut/01/index.html]
[www.cdf.toronto.edu/_ajr/209/tut/02/index.html]
[www.cdf.toronto.edu/_ajr/209/manpage.pdf]
[www.cdf.toronto.edu/_ajr/209/tut/03/index.html]
[www.cdf.toronto.edu/_ajr/209/manpage-ajr.html]
[www.cdf.toronto.edu/_ajr/209/tut/04/index.html]
[www.cdf.toronto.edu/_ajr/209/tut/05/index.html]
[www.cdf.toronto.edu/_ajr/209/tut/06/index.html]
[www.cdf.toronto.edu/_ajr/209/tut/07/q2s.html]
[www.cdf.toronto.edu/_ajr/209/tut/07/q3s.html]
[www.cdf.toronto.edu/_ajr/209/tut/07/q4s.html]
[www.cdf.toronto.edu/_ajr/209/tut/07/q5s.html]
[www.cdf.toronto.edu/_ajr/209/tut/07/q6s.html]
[www.cdf.toronto.edu/_ajr/209/tut/07/q7s.html]
[www.cdf.toronto.edu/_ajr/209/tut/07/index.html]
[www.cdf.toronto.edu/_ajr/209/tut/08/forksolution.c]
[www.cdf.toronto.edu/_ajr/209/tut/08/index.html]
[www.cdf.toronto.edu/_ajr/209/tut/09/.html]
[www.cdf.toronto.edu/_ajr/209/tut/09/02.html]
[www.cdf.toronto.edu/_ajr/209/tut/09/03.html]
[www.cdf.toronto.edu/_ajr/209/tut/09/04.html]
[www.cdf.toronto.edu/_ajr/209/tut/09/05.html]
[www.cdf.toronto.edu/_ajr/209/tut/09/index.html]
[www.cdf.toronto.edu/_ajr/209/tut/09/06.html]
[www.cdf.toronto.edu/_ajr/209/a4/qna-fdmacros.html]
[www.cdf.toronto.edu/_ajr/209/tut/10/index.html]
[www.cdf.toronto.edu/_ajr/209/tut/11/index.html]
[www.cdf.toronto.edu/_ajr/209/tut/12/q1s.html]
[www.cdf.toronto.edu/_ajr/209/tut/12/q2s.html]
[www.cdf.toronto.edu/_ajr/209/tut/12/q3s.html]
[www.cdf.toronto.edu/_ajr/209/tut/12/q4s.html]
[www.cdf.toronto.edu/_ajr/209/tut/12/q5s.html]
[www.cdf.toronto.edu/_ajr/209/tut/12/q6s.html]
[www.cdf.toronto.edu/_ajr/209/tut/12/q8s.c]
[www.cdf.toronto.edu/_ajr/209/tut/12/q9s.html]
[www.cdf.toronto.edu/_ajr/209/tut/12/q10s.c]
[www.cdf.toronto.edu/_ajr/209/tut/12/q11s.html]
[www.cdf.toronto.edu/_ajr/209/tut/12/q12s.html]
[www.cdf.toronto.edu/_ajr/209/tut/12/index.html]
[www.cdf.toronto.edu/_ajr/209/tut/12/q13s.html]
[www.cdf.toronto.edu/_ajr/209/a1/a1.html]
[www.cdf.toronto.edu/_ajr/209/a1/qna.html]
[www.cdf.toronto.edu/_ajr/209/comments.html]
[www.cdf.toronto.edu/_ajr/209/a1/qna2.html]
[www.cdf.toronto.edu/_ajr/209/a2/qna.html]
[www.cdf.toronto.edu/_ajr/209/a2/a2.html]
[www.cdf.toronto.edu/_ajr/209/notes/toolsfiles/cat1.c]
[www.cdf.toronto.edu/_ajr/209/a2/qnanewfmt.html]
[www.cdf.toronto.edu/_ajr/209/a2/readdir.c]
[www.cdf.toronto.edu/_ajr/209/a2/hammer.html]
[www.cdf.toronto.edu/_ajr/209/a2/extension.html]
[www.cdf.toronto.edu/_ajr/209/a3/a3.html]
[www.cdf.toronto.edu/_ajr/209/a3/qnaall.html]
[www.cdf.toronto.edu/_ajr/209/a2/qna-kiss.html]
[www.cdf.toronto.edu/_ajr/209/notes/procfiles/spawn.c]
[www.cdf.toronto.edu/_ajr/209/notes/procfiles/spawnredir.c]
[www.cdf.toronto.edu/_ajr/209/a3/qna.html]
[www.cdf.toronto.edu/_ajr/209/notes/procfiles/pipe-example.c]
[www.cdf.toronto.edu/_ajr/209/a4/a4.html]
[www.cdf.toronto.edu/_ajr/209/a4/qnaall.html]
[www.cdf.toronto.edu/_ajr/209/a4/lookup.c]
[www.cdf.toronto.edu/_ajr/209/a3/qna-segfault.html]
[www.cdf.toronto.edu/_ajr/209/a4/qna.html]
[www.cdf.toronto.edu/_ajr/209/a4/my_inet_ntoa.c]
[www.cdf.toronto.edu/_ajr/209/a4/strcasecmp.html]
[www.cdf.toronto.edu/_ajr/209/mid/soln.html]
[www.cdf.toronto.edu/_ajr/209/netgrade-mid.html]
[www.cdf.toronto.edu/_ajr/209/absence.html]
[www.cdf.toronto.edu/_ajr/209/mid/info.html]
[www.cdf.toronto.edu/_ajr/209/probs/mid/index.html]
[www.cdf.toronto.edu/_ajr/209/auth/netgrade-results4846.cgi]
[www.cdf.toronto.edu/_ajr/209/exam/netgrade-exam.html]
[www.cdf.toronto.edu/_ajr/209/probs/mid/201101/index.html]
[www.cdf.toronto.edu/_ajr/209/probs/exam/201209/index.html]
[www.cdf.toronto.edu/_ajr/209/probs/mid/201109/index.html]
[www.cdf.toronto.edu/_ajr/209/notes/fsys.gif]
[www.cdf.toronto.edu/_ajr/209/notes/fsys.html]
[www.cdf.toronto.edu/_ajr/209/probs/mid/201209/index.html]
[www.cdf.toronto.edu/_ajr/209/notes/cintrofiles/gcd-full.c]
[www.cdf.toronto.edu/_ajr/209/notes/cintrofiles/testgcd.c]
[www.cdf.toronto.edu/_ajr/209/notes/cintrofiles/gcd.h]
[www.cdf.toronto.edu/_ajr/209/notes/c.html]
[www.cdf.toronto.edu/_ajr/209/notes/cintrofiles/gcd.c]
[www.cdf.toronto.edu/_ajr/209/notes/cdata.html]
[www.cdf.toronto.edu/_ajr/209/notes/printf.html]
[www.cdf.toronto.edu/_ajr/209/notes/argv.html]
[www.cdf.toronto.edu/_ajr/209/notes/strings.html]
[www.cdf.toronto.edu/_ajr/209/notes/files.html]
[www.cdf.toronto.edu/_ajr/209/notes/getopt.html]
[www.cdf.toronto.edu/_ajr/209/notes/struct.html]
[www.cdf.toronto.edu/_ajr/209/notes/gdb/example.c]
[www.cdf.toronto.edu/_ajr/209/notes/gdb/index.html]
[www.cdf.toronto.edu/_ajr/209/notes/gdb/example2.c]
[www.cdf.toronto.edu/_ajr/209/notes/proc.html]
[www.cdf.toronto.edu/_ajr/209/notes/awk.html]
[www.cdf.toronto.edu/_ajr/209/notes/rcs.html]
[www.cdf.toronto.edu/_ajr/209/probs/sh/glob.html]
[www.cdf.toronto.edu/_ajr/209/notes/signals/index.html]
[www.cdf.toronto.edu/_ajr/209/probs/sh/wilma.html]
[www.cdf.toronto.edu/_ajr/209/probs/sh/passwd.html]
[www.cdf.toronto.edu/_ajr/209/probs/sh/sed.html]
[www.cdf.toronto.edu/_ajr/209/probs/sh/q5.html]
[www.cdf.toronto.edu/_ajr/209/probs/sh/webshprob.html]
[www.cdf.toronto.edu/_ajr/209/probs/sh/index.html]
[www.cdf.toronto.edu/_ajr/209/probs/sh/uidconflictprob.html]
[www.cdf.toronto.edu/_ajr/209/probs/c/nth.c]
[www.cdf.toronto.edu/_ajr/209/probs/c/add.c]
[www.cdf.toronto.edu/_ajr/209/probs/c/reverse.c]
[www.cdf.toronto.edu/_ajr/209/probs/c/testsort.c]
[www.cdf.toronto.edu/_ajr/209/probs/c/sortfile.c]
[www.cdf.toronto.edu/_ajr/209/probs/c/main.c]
[www.cdf.toronto.edu/_ajr/209/probs/c/callqsort.c]
[www.cdf.toronto.edu/_ajr/209/probs/c/cmdline.c]
[www.cdf.toronto.edu/_ajr/209/probs/c/index.html]
[www.cdf.toronto.edu/_ajr/209/probs/tools/vis.c]
[www.cdf.toronto.edu/_ajr/209/probs/tools/bfreq.c]
[www.cdf.toronto.edu/_ajr/209/probs/tools/2b.txt]
[www.cdf.toronto.edu/_ajr/209/probs/tools/back1.c]
[www.cdf.toronto.edu/_ajr/209/probs/tools/index.html]
[www.cdf.toronto.edu/_ajr/209/probs/tools/echo.c]
[www.cdf.toronto.edu/_ajr/209/probs/fsys/qa1s.html]
[www.cdf.toronto.edu/_ajr/209/probs/fsys/qa2s.html]
[www.cdf.toronto.edu/_ajr/209/probs/fsys/qa3.gif]
[www.cdf.toronto.edu/_ajr/209/probs/fsys/qa3s.html]
[www.cdf.toronto.edu/_ajr/209/probs/fsys/readdir.c]
[www.cdf.toronto.edu/_ajr/209/probs/fsys/ls.c]
[www.cdf.toronto.edu/_ajr/209/probs/fsys/q2.c]
[www.cdf.toronto.edu/_ajr/209/probs/fsys/totalbytes.c]
[www.cdf.toronto.edu/_ajr/209/probs/fsys/index.html]
[www.cdf.toronto.edu/_ajr/209/probs/proc/sillyparallel.c]
[www.cdf.toronto.edu/_ajr/209/probs/proc/myserver-restarter.c]
[www.cdf.toronto.edu/_ajr/209/probs/proc/myps.c]
[www.cdf.toronto.edu/_ajr/209/probs/proc/autologout-hint.html]
[www.cdf.toronto.edu/_ajr/209/probs/proc/cpulimiter.c]
[www.cdf.toronto.edu/_ajr/209/probs/proc/outputlimiter.c]
[www.cdf.toronto.edu/_ajr/209/probs/proc/index.html]
[www.cdf.toronto.edu/_ajr/209/probs/proc/builtin-kill.c]
[www.cdf.toronto.edu/_ajr/209/probs/socket/endian.c]
[www.cdf.toronto.edu/_ajr/209/probs/socket/index.html]
[www.cdf.toronto.edu/_ajr/209/probs/socket/chatsvr.c]
[www.cdf.toronto.edu/_ajr/209/probs/exam/index.html]
[www.cdf.toronto.edu/_ajr/209/notes/tiny/format.html]
[www.cdf.toronto.edu/_ajr/209/notes/toolsfiles/faculty.html]
[www.cdf.toronto.edu/_ajr/209/notes/toolsfiles/students.html]
[www.cdf.toronto.edu/_ajr/209/notes/toolsfiles/newstudentlist.html]
[www.cdf.toronto.edu/_ajr/209/notes/toolsfiles/grades.html]
[www.cdf.toronto.edu/_ajr/209/notes/sockets/newline.html]
[www.cdf.toronto.edu/_ajr/209/notes/sockets/indexc052.html]
[www.cdf.toronto.edu/_ajr/209/notes/sockets/indexf8a0.html]
[www.cdf.toronto.edu/_ajr/209/probs/exam/201001/index.html]
[www.cdf.toronto.edu/_ajr/209/probs/exam/200901/index.html]
[www.cdf.toronto.edu/_ajr/209/notes/sockets/indexb70a.html]
[www.cdf.toronto.edu/_ajr/209/notes/sockets/index72c9.html]
[www.cdf.toronto.edu/_ajr/209/notes/sockets/indexbfec.html]
[www.cdf.toronto.edu/_ajr/209/notes/sockets/index30b5.html]
[www.cdf.toronto.edu/_ajr/209/notes/pthreads/indexc052.html]
[www.cdf.toronto.edu/_ajr/209/notes/pthreads/indexf8a0.html]
[www.cdf.toronto.edu/_ajr/209/notes/sockets/index5851.html]
[www.cdf.toronto.edu/_ajr/209/notes/sockets/indexad3f.html]
[www.cdf.toronto.edu/_ajr/209/notes/pthreads/indexb70a.html]
[www.cdf.toronto.edu/_ajr/209/notes/pthreads/index72c9.html]
[www.cdf.toronto.edu/_ajr/209/notes/pthreads/indexbfec.html]
[www.cdf.toronto.edu/_ajr/209/notes/pthreads/index30b5.html]
[www.cdf.toronto.edu/_ajr/209/tut/01.html]
[www.cdf.toronto.edu/_ajr/209/tut/02.html]
[www.cdf.toronto.edu/_ajr/209/tut/03.html]
[www.cdf.toronto.edu/_ajr/209/tut/04.html]
[www.cdf.toronto.edu/_ajr/209/tut/05.html]
[www.cdf.toronto.edu/_ajr/209/tut/06.html]
[www.cdf.toronto.edu/_ajr/209/tut/07.html]
[www.cdf.toronto.edu/_ajr/209/tut/08.html]
[www.cdf.toronto.edu/_ajr/209/tut/09.html]
[www.cdf.toronto.edu/_ajr/209/tut/10.html]
[www.cdf.toronto.edu/_ajr/209/tut/11.html]
[www.cdf.toronto.edu/_ajr/209/tut/12.html]
[www.cdf.toronto.edu/_ajr/209/tut/01/.html]
[www.cdf.toronto.edu/_ajr/209/notes/pthreads/index5851.html]
[www.cdf.toronto.edu/_ajr/209/notes/pthreads/indexad3f.html]
[www.cdf.toronto.edu/_ajr/209/tut/01/soln.html]
[www.cdf.toronto.edu/_ajr/209/tut/01/sed3s.html]
[www.cdf.toronto.edu/_ajr/209/manpage-ajr.html]
[www.cdf.toronto.edu/_ajr/209/tut/07/q2s.html]
[www.cdf.toronto.edu/_ajr/209/tut/07/q3s.html]
[www.cdf.toronto.edu/_ajr/209/tut/07/q4s.html]
[www.cdf.toronto.edu/_ajr/209/tut/07/q5s.html]
[www.cdf.toronto.edu/_ajr/209/tut/07/q6s.html]
[www.cdf.toronto.edu/_ajr/209/tut/07/q7s.html]
[www.cdf.toronto.edu/_ajr/209/tut/09/.html]
[www.cdf.toronto.edu/_ajr/209/tut/09/02.html]
[www.cdf.toronto.edu/_ajr/209/tut/09/03.html]
[www.cdf.toronto.edu/_ajr/209/tut/09/04.html]
[www.cdf.toronto.edu/_ajr/209/tut/09/05.html]
[www.cdf.toronto.edu/_ajr/209/tut/09/06.html]
[www.cdf.toronto.edu/_ajr/209/a4/qna-fdmacros.html]
[www.cdf.toronto.edu/_ajr/209/tut/12/q1s.html]
[www.cdf.toronto.edu/_ajr/209/tut/12/q2s.html]
[www.cdf.toronto.edu/_ajr/209/tut/12/q3s.html]
[www.cdf.toronto.edu/_ajr/209/tut/12/q4s.html]
[www.cdf.toronto.edu/_ajr/209/tut/12/q5s.html]
[www.cdf.toronto.edu/_ajr/209/tut/12/q6s.html]
[www.cdf.toronto.edu/_ajr/209/tut/12/q7s.html]
[www.cdf.toronto.edu/_ajr/209/tut/12/q9s.html]
[www.cdf.toronto.edu/_ajr/209/tut/12/q11s.html]
[www.cdf.toronto.edu/_ajr/209/tut/12/q12s.html]
[www.cdf.toronto.edu/_ajr/209/tut/12/q13s.html]
[www.cdf.toronto.edu/_ajr/209/comments.html]
[www.cdf.toronto.edu/_ajr/209/a2/qna.html]
[www.cdf.toronto.edu/_ajr/209/a3/qnaall.html]
[www.cdf.toronto.edu/_ajr/209/a2/qna-kiss.html]
[www.cdf.toronto.edu/_ajr/209/a4/qnaall.html]
[www.cdf.toronto.edu/_ajr/209/a3/qna-segfault.html]
[www.cdf.toronto.edu/_ajr/209/netgrade-mid.html]
[www.cdf.toronto.edu/_ajr/209/probs/exam/201209/q3s.html]
[www.cdf.toronto.edu/_ajr/209/probs/exam/201209/q4s.c]
[www.cdf.toronto.edu/_ajr/209/probs/exam/201209/q5s.c]
[www.cdf.toronto.edu/_ajr/209/probs/exam/201209/q6s.c]
[www.cdf.toronto.edu/_ajr/209/probs/exam/201209/q6sb.c]
[www.cdf.toronto.edu/_ajr/209/probs/exam/201209/q7s.c]
[www.cdf.toronto.edu/_ajr/209/probs/exam/201209/q8s.c]
[www.cdf.toronto.edu/_ajr/209/probs/exam/201209/q9s.html]
[www.cdf.toronto.edu/_ajr/209/probs/exam/201209/index.html]
[www.cdf.toronto.edu/_ajr/209/absence.html]
[www.cdf.toronto.edu/_ajr/209/probs/mid/201101/q1.html]
[www.cdf.toronto.edu/_ajr/209/probs/mid/201101/q2.html]
[www.cdf.toronto.edu/_ajr/209/probs/mid/201101/q3.html]
[www.cdf.toronto.edu/_ajr/209/probs/mid/201101/q4.html]
[www.cdf.toronto.edu/_ajr/209/probs/mid/201101/index.html]
[www.cdf.toronto.edu/_ajr/209/probs/mid/201101/q5.html]
[www.cdf.toronto.edu/_ajr/209/probs/mid/201109/q1.html]
[www.cdf.toronto.edu/_ajr/209/probs/mid/201109/q2.html]
[www.cdf.toronto.edu/_ajr/209/probs/mid/201109/q3.html]
[www.cdf.toronto.edu/_ajr/209/probs/mid/201109/index.html]
[www.cdf.toronto.edu/_ajr/209/probs/mid/201209/q1.html]
[www.cdf.toronto.edu/_ajr/209/probs/mid/201209/q2.html]
[www.cdf.toronto.edu/_ajr/209/probs/mid/201209/q3.html]
[www.cdf.toronto.edu/_ajr/209/probs/mid/201209/q4.html]
[www.cdf.toronto.edu/_ajr/209/probs/mid/201209/q5.html]
[www.cdf.toronto.edu/_ajr/209/probs/mid/201209/index.html]
[www.cdf.toronto.edu/_ajr/209/auth/netgrade-results4846.html]
[www.cdf.toronto.edu/_ajr/209/notes/getoptcmd.html]
[www.cdf.toronto.edu/_ajr/209/notes/signals/1intro.c]
[www.cdf.toronto.edu/_ajr/209/notes/signals/2ignore-ctrl-C.c]
[www.cdf.toronto.edu/_ajr/209/notes/signals/3ignore-all.c]
[www.cdf.toronto.edu/_ajr/209/notes/signals/4handler.c]
[www.cdf.toronto.edu/_ajr/209/notes/signals/index.html]
[www.cdf.toronto.edu/_ajr/209/probs/sh/.html]
[www.cdf.toronto.edu/_ajr/209/notes/signals/indexc052.html]
[www.cdf.toronto.edu/_ajr/209/probs/sh/glob.html]
[www.cdf.toronto.edu/_ajr/209/probs/sh/wilma.html]
[www.cdf.toronto.edu/_ajr/209/probs/sh/passwd.html]
[www.cdf.toronto.edu/_ajr/209/probs/sh/sed.html]
[www.cdf.toronto.edu/_ajr/209/probs/sh/q5.html]
[www.cdf.toronto.edu/_ajr/209/probs/sh/q6.html]
[www.cdf.toronto.edu/_ajr/209/probs/sh/cheating.html]
[www.cdf.toronto.edu/_ajr/209/probs/sh/hanoi.html]
[www.cdf.toronto.edu/_ajr/209/probs/sh/hanoi2.html]
[www.cdf.toronto.edu/_ajr/209/probs/sh/range.html]
[www.cdf.toronto.edu/_ajr/209/notes/signals/index30b5.html]
[www.cdf.toronto.edu/_ajr/209/notes/signals/indexf8a0.html]
[www.cdf.toronto.edu/_ajr/209/notes/signals/indexbfec.html]
[www.cdf.toronto.edu/_ajr/209/probs/sh/webshprob.html]
[www.cdf.toronto.edu/_ajr/209/probs/sh/uidconflictprob.html]
[www.cdf.toronto.edu/_ajr/209/probs/fsys/.html]
[www.cdf.toronto.edu/_ajr/209/probs/fsys/qa1s.html]
[www.cdf.toronto.edu/_ajr/209/probs/fsys/qa2s.html]
[www.cdf.toronto.edu/_ajr/209/probs/fsys/qa3s.html]
[www.cdf.toronto.edu/_ajr/209/probs/proc/.html]
[www.cdf.toronto.edu/_ajr/209/probs/proc/autologout-hint.html]
[www.cdf.toronto.edu/_ajr/209/probs/exam/201001/q3.gif]
[www.cdf.toronto.edu/_ajr/209/probs/exam/201001/q3s.html]
[www.cdf.toronto.edu/_ajr/209/probs/exam/201001/q6s.c]
[www.cdf.toronto.edu/_ajr/209/probs/exam/201001/q7s.c]
[www.cdf.toronto.edu/_ajr/209/probs/exam/201001/index.html]
[www.cdf.toronto.edu/_ajr/209/probs/exam/201001/q8s.c]
[www.cdf.toronto.edu/_ajr/209/probs/exam/200901/q1s.html]
[www.cdf.toronto.edu/_ajr/209/probs/exam/200901/q4s.html]
[www.cdf.toronto.edu/_ajr/209/probs/exam/200901/q5s.html]
[www.cdf.toronto.edu/_ajr/209/probs/exam/200901/q6s.c]
[www.cdf.toronto.edu/_ajr/209/probs/exam/200901/q6sb.c]
[www.cdf.toronto.edu/_ajr/209/probs/exam/200901/q7s.c]
[www.cdf.toronto.edu/_ajr/209/probs/exam/200901/index.html]
[www.cdf.toronto.edu/_ajr/209/probs/exam/200901/q8s.c]
[www.cdf.toronto.edu/_ajr/209/notes/sockets/indexb70a.html]
[www.cdf.toronto.edu/_ajr/209/notes/sockets/index72c9.html]
[www.cdf.toronto.edu/_ajr/209/notes/sockets/index5851.html]
[www.cdf.toronto.edu/_ajr/209/notes/sockets/indexad3f.html]
[www.cdf.toronto.edu/_ajr/209/notes/pthreads/indexb70a.html]
[www.cdf.toronto.edu/_ajr/209/notes/pthreads/index72c9.html]
[www.cdf.toronto.edu/_ajr/209/notes/pthreads/index5851.html]
[www.cdf.toronto.edu/_ajr/209/notes/pthreads/indexad3f.html]
[www.cdf.toronto.edu/_ajr/209/tut/01/.html]
[www.cdf.toronto.edu/_ajr/209/TEMPLATE.html]
[www.cdf.toronto.edu/_ajr/209/probs/exam/201209/q1s.html]
[www.cdf.toronto.edu/_ajr/209/probs/exam/201209/q2s.html]
[www.cdf.toronto.edu/_ajr/209/probs/exam/201209/q3s.html]
[www.cdf.toronto.edu/_ajr/209/probs/exam/201209/q9s.html]
[www.cdf.toronto.edu/_ajr/209/probs/mid/201101/.html]
[www.cdf.toronto.edu/_ajr/209/probs/mid/201101/q1.html]
[www.cdf.toronto.edu/_ajr/209/probs/mid/201101/q2.html]
[www.cdf.toronto.edu/_ajr/209/probs/mid/201101/q3.html]
[www.cdf.toronto.edu/_ajr/209/probs/mid/201101/q4.html]
[www.cdf.toronto.edu/_ajr/209/probs/mid/201101/q5.html]
[www.cdf.toronto.edu/_ajr/209/probs/mid/201109/.html]
[www.cdf.toronto.edu/_ajr/209/probs/mid/201109/q1.html]
[www.cdf.toronto.edu/_ajr/209/probs/mid/201109/q2.html]
[www.cdf.toronto.edu/_ajr/209/probs/mid/201109/q3.html]
[www.cdf.toronto.edu/_ajr/209/probs/mid/201209/q1.html]
[www.cdf.toronto.edu/_ajr/209/probs/mid/201209/.html]
[www.cdf.toronto.edu/_ajr/209/probs/mid/201209/q2.html]
[www.cdf.toronto.edu/_ajr/209/probs/mid/201209/q3.html]
[www.cdf.toronto.edu/_ajr/209/probs/mid/201209/q4.html]
[www.cdf.toronto.edu/_ajr/209/probs/mid/201209/q5.html]
[www.cdf.toronto.edu/_ajr/209/notes/signals/indexc052.html]
[www.cdf.toronto.edu/_ajr/209/notes/signals/indexf8a0.html]
[www.cdf.toronto.edu/_ajr/209/notes/signals/indexbfec.html]
[www.cdf.toronto.edu/_ajr/209/notes/signals/index30b5.html]
[www.cdf.toronto.edu/_ajr/209/notes/signals/index72c9.html]
[www.cdf.toronto.edu/_ajr/209/notes/signals/indexb70a.html]
[www.cdf.toronto.edu/_ajr/209/notes/signals/index5851.html]
[www.cdf.toronto.edu/_ajr/209/probs/sh/.html]
[www.cdf.toronto.edu/_ajr/209/probs/sh/websh.html]
[www.cdf.toronto.edu/_ajr/209/probs/sh/uidconflict.html]
[www.cdf.toronto.edu/_ajr/209/probs/fsys/.html]
[www.cdf.toronto.edu/_ajr/209/probs/proc/.html]
[www.cdf.toronto.edu/_ajr/209/probs/exam/201001/q1s.html]
[www.cdf.toronto.edu/_ajr/209/probs/exam/201001/q2s.html]
[www.cdf.toronto.edu/_ajr/209/probs/exam/201001/q3s.html]
[www.cdf.toronto.edu/_ajr/209/probs/exam/201001/q4s.html]
[www.cdf.toronto.edu/_ajr/209/probs/exam/201001/q5s.html]
[www.cdf.toronto.edu/_ajr/209/probs/exam/200901/q1s.html]
[www.cdf.toronto.edu/_ajr/209/probs/exam/200901/q2s.html]
[www.cdf.toronto.edu/_ajr/209/probs/exam/200901/q3s.html]
[www.cdf.toronto.edu/_ajr/209/probs/exam/200901/q4s.html]
[www.cdf.toronto.edu/_ajr/209/probs/exam/200901/q5s.html]
[www.cdf.toronto.edu/_ajr/209/probs/mid/201101/.html]
[www.cdf.toronto.edu/_ajr/209/probs/mid/201109/.html]
[www.cdf.toronto.edu/_ajr/209/probs/mid/201209/.html]
[www.cdf.toronto.edu/_ajr/209/notes/signals/indexb70a.html]
[www.cdf.toronto.edu/_ajr/209/notes/signals/index72c9.html]
[www.cdf.toronto.edu/_ajr/209/notes/signals/index5851.html]
[www.cdf.toronto.edu/_ajr/209/notes/signals/indexad3f.html]
[www.cdf.toronto.edu/_ajr/209/notes/signals/indexad3f.html]
[www.cdf.toronto.edu/_ajr/209/endofficehour.html]
[www.cdf.toronto.edu/_ajr/209/courseinfo.pdf]
[www.cdf.toronto.edu/_ajr/209/prereq.html]
[www.cdf.toronto.edu/_ajr/209/a1/a1.pdf]
[www.cdf.toronto.edu/_ajr/209/a2/a2.pdf]
[www.cdf.toronto.edu/_ajr/209/a1/qna.html]
[www.cdf.toronto.edu/_ajr/209/a3/a3.pdf]
[www.cdf.toronto.edu/_ajr/209/a2/qnanewfmt.html]
[www.cdf.toronto.edu/_ajr/209/a3/qna.html]
[www.cdf.toronto.edu/_ajr/209/a4/a4.pdf]
[www.cdf.toronto.edu/_ajr/209/a4/qna.html]
[www.cdf.toronto.edu/_ajr/209/mid/mid.pdf]
[www.utm.utoronto.ca/math-cs-stats/sites/files/math-cs-stats/public/users/yeyvette/PrereqCoreqForm-20129.pdf]
[www.cdf.toronto.edu/_ajr/209/notes/getopt.c]
[www.cdf.toronto.edu/_ajr/209/mid/soln.html]
[www.cdf.toronto.edu/_ajr/209/notes/getopt.html]
[www.cdf.toronto.edu/_ajr/209/aprilfools.jpg]
[www.cdf.toronto.edu/_ajr/209/lect/02-log.txt]
[www.utm.utoronto.ca/accessability/sites/files/accessability/public/shared/pdfs/AccessAbility Note-taker Poster.html]
[www.cdf.toronto.edu/_ajr/209/notes/toolsfiles/gcd.c]
[www.cdf.toronto.edu/_ajr/209/notes/tiny/format.html]
[www.cdf.toronto.edu/_ajr/209/notes/shellfiles/firstbyte.c]
[www.cdf.toronto.edu/_ajr/209/lect/03-log.txt]
[www.cdf.toronto.edu/_ajr/209/notes/toolsfiles/faculty.html]
[www.cdf.toronto.edu/_ajr/209/notes/cacm.pdf]
[www.cdf.toronto.edu/_ajr/209/notes/sockets/newline.html]
[www.cdf.toronto.edu/icons/blank.gif]
[www.cdf.toronto.edu/_ajr/209/notes/sockets/indexc052.html]
[www.cdf.toronto.edu/icons/back.gif]
[www.cdf.toronto.edu/_ajr/209/notes/pthreads/indexc052.html]
[www.cdf.toronto.edu/_ajr/209/notes/pthreads/1threadadd.c]
[www.cdf.toronto.edu/_ajr/209/tut/01.html]
[www.cdf.toronto.edu/_ajr/209/manpage.pdf]
[www.cdf.toronto.edu/_ajr/209/manpage-ajr.html]
[www.cdf.toronto.edu/_ajr/209/tut/12/q8s.c]
[www.cdf.toronto.edu/_ajr/209/tut/12/q9s.html]
[www.cdf.toronto.edu/_ajr/209/tut/12/q10s.c]
[www.cdf.toronto.edu/_ajr/209/notes/toolsfiles/cat1.c]
[www.cdf.toronto.edu/_ajr/209/tut/12/q11s.html]
[www.cdf.toronto.edu/_ajr/209/a2/readdir.c]
[www.cdf.toronto.edu/_ajr/209/a3/qnaall.html]
[www.cdf.toronto.edu/_ajr/209/notes/procfiles/spawn.c]
[www.cdf.toronto.edu/_ajr/209/a4/qnaall.html]
[www.cdf.toronto.edu/_ajr/209/a4/my_inet_ntoa.c]
[www.cdf.toronto.edu/_ajr/209/notes/cintrofiles/gcd.h]
[www.cdf.toronto.edu/_ajr/209/netgrade-mid.html]
[www.cdf.toronto.edu/_ajr/209/notes/cintrofiles/testgcd.c]
[www.cdf.toronto.edu/_ajr/209/notes/cintrofiles/gcd.c]
[www.cdf.toronto.edu/_ajr/209/notes/getoptcmd.html]
[www.cdf.toronto.edu/_ajr/209/notes/gdb/example2.c]
[www.cdf.toronto.edu/_ajr/209/probs/c/add.c]
[www.cdf.toronto.edu/_ajr/209/probs/c/testsort.c]
[www.cdf.toronto.edu/_ajr/209/notes/signals/index.html]
[www.cdf.toronto.edu/_ajr/209/probs/c/sortfile.c]
[www.cdf.toronto.edu/_ajr/209/probs/c/main.c]
[www.cdf.toronto.edu/_ajr/209/probs/tools/2b.txt]
[www.cdf.toronto.edu/_ajr/209/probs/c/callqsort.c]
[www.cdf.toronto.edu/_ajr/209/probs/tools/bfreq.c]
[www.cdf.toronto.edu/_ajr/209/probs/tools/echo.c]
[www.cdf.toronto.edu/_ajr/209/probs/fsys/readdir.c]
[www.cdf.toronto.edu/_ajr/209/probs/fsys/ls.c]
[www.cdf.toronto.edu/_ajr/209/probs/fsys/q2.c]
[www.cdf.toronto.edu/_ajr/209/probs/fsys/qa1s.html]
[www.cdf.toronto.edu/_ajr/209/probs/proc/myserver-restarter.c]
[www.cdf.toronto.edu/_ajr/209/probs/proc/autologout-hint.html]
[www.cdf.toronto.edu/_ajr/209/probs/proc/cpulimiter.c]
[www.cdf.toronto.edu/_ajr/209/probs/proc/myps.c]
[www.cdf.toronto.edu/_ajr/209/probs/exam/201001/index.html]
[www.cdf.toronto.edu/_ajr/209/probs/socket/chatsvr.c]
[www.cdf.toronto.edu/_ajr/209/probs/exam/201209/q9s.html]
[www.cdf.toronto.edu/_ajr/209/probs/exam/201209/q4s.c]
[www.cdf.toronto.edu/_ajr/209/notes/signals/2ignore-ctrl-C.c]
[www.cdf.toronto.edu/_ajr/209/notes/signals/3ignore-all.c]
[www.cdf.toronto.edu/_ajr/209/probs/exam/201001/q3.gif]
[www.cdf.toronto.edu/_ajr/209/probs/exam/201001/q3s.html]
[www.cdf.toronto.edu/_ajr/209/probs/exam/200901/q1s.html]
[www.cdf.toronto.edu/_ajr/209/probs/exam/201001/q7s.c]
[www.cdf.toronto.edu/_ajr/209/probs/exam/201001/q8s.c]
[www.cdf.toronto.edu/_ajr/209/probs/exam/200901/q6sb.c]
[www.cdf.toronto.edu/_ajr/209/probs/mid/201101/.html]
